// Jest Snapshot v1, https://goo.gl/fbAQLP

exports[`Input render 1`] = `
<div>
  <div
    class="sc-2d2a1aa8-0 cxcNIV"
  >
    <label
      class="sc-2d2a1aa8-1 haCvit"
      for="testName"
    >
      TEST_LABEL
    </label>
    <input
      class="sc-2d2a1aa8-2 eQinJl"
      data-testid="testName"
      id="testName"
      placeholder="TEST_PLACEHOLDER"
      value="testValue"
    />
  </div>
</div>
`;
