// Jest Snapshot v1, https://goo.gl/fbAQLP

exports[`Balances render 1`] = `
<div>
  <div
    class="sc-4d880b92-0 fwseqv"
  >
    <span
      style="box-sizing: border-box; display: inline-block; overflow: hidden; background: none; opacity: 1; border: 0px; margin: 0px; padding: 0px; position: relative; max-width: 100%;"
    >
      <span
        style="box-sizing: border-box; display: block; background: none; opacity: 1; border: 0px; margin: 0px; padding: 0px; max-width: 100%;"
      >
        <img
          alt=""
          aria-hidden="true"
          src="data:image/svg+xml,%3csvg%20xmlns=%27http://www.w3.org/2000/svg%27%20version=%271.1%27%20width=%27120%27%20height=%2728%27/%3e"
          style="display: block; max-width: 100%; background: none; opacity: 1; border: 0px; margin: 0px; padding: 0px;"
        />
      </span>
      <img
        alt="Utrust"
        data-nimg="intrinsic"
        decoding="async"
        src="data:image/gif;base64,R0lGODlhAQABAIAAAAAAAP///yH5BAEAAAAALAAAAAABAAEAAAIBRAA7"
        style="position: absolute; top: 0px; left: 0px; bottom: 0px; right: 0px; box-sizing: border-box; padding: 0px; margin: auto; display: block; width: 0px; height: 0px; min-width: 100%; max-width: 100%; min-height: 100%; max-height: 100%;"
      />
      <noscript />
    </span>
  </div>
  <div
    class="sc-4d880b92-1 ccsBPG"
    data-testid="wrapper"
  >
    <header
      class="sc-4d880b92-2 jLouef"
    >
      My Ethereum addresses
    </header>
    <table
      class="sc-50244374-0 dsjiEy"
    >
      <tbody>
        <tr
          class="sc-50244374-1 cYIIdr"
        >
          <td>
            <span
              class="sc-50244374-2 bGcnud"
            >
              TEST_ADDRESS1
            </span>
          </td>
          <td
            class="sc-50244374-3 jGtUXk"
          >
            <span
              class="sc-50244374-4 jMsZsK"
            >
              TEST_VALUE1
            </span>
            <span
              class="sc-50244374-5 hbdULL"
            >
               ETH
            </span>
          </td>
        </tr>
        <tr
          class="sc-50244374-1 cYIIdr"
        >
          <td>
            <span
              class="sc-50244374-2 bGcnud"
            >
              TEST_ADDRESS2
            </span>
          </td>
          <td
            class="sc-50244374-3 jGtUXk"
          >
            <span
              class="sc-50244374-4 jMsZsK"
            >
              TEST_VALUE2
            </span>
            <span
              class="sc-50244374-5 hbdULL"
            >
               ETH
            </span>
          </td>
        </tr>
        <tr
          class="sc-50244374-1 cYIIdr"
        >
          <td>
            <span
              class="sc-50244374-2 bGcnud"
            >
              TEST_ADDRESS3
            </span>
          </td>
          <td
            class="sc-50244374-3 jGtUXk"
          >
            <span
              class="sc-50244374-4 jMsZsK"
            >
              TEST_VALUE3
            </span>
            <span
              class="sc-50244374-5 hbdULL"
            >
               ETH
            </span>
          </td>
        </tr>
      </tbody>
    </table>
    <footer
      class="sc-4d880b92-3 kNshHL"
    >
      <span>
        Please copy the address from which you wish to send money.
      </span>
      <a
        class="sc-23316aab-1 dzqFtz"
        data-testid="next"
        href="/send"
      >
        Next
      </a>
    </footer>
  </div>
</div>
`;
